[backblue.gif]
[fade.gif]
[index.html]
[www.googletagmanager.com/gtag/js1645]
[pagead2.googlesyndication.com/pagead/js/f4e2b.txt]
[cdn.onesignal.com/sdks/web/v16/OneSignalSDK.page.js]
[www.shubhamz.in/favicon.ico]
[www.shubhamz.in/feeds/posts/default]
[28.2bp.blogspot.com/index.html]
[www.shubhamz.in/feeds/posts/default9522]
[www.blogger.com/profile/16258382190820726149.html]
[fonts.googleapis.com/index.html]
[www.shubhamz.in/megamenu/recent.31.delayed]
[3.bp.blogspot.com/-Yw8BIuvwoSQ/VsjkCIMoltI/AAAAAAAAC4c/s55PW6xEKn0/s1600-r/nth.png]
[www.blogger.com/feeds/8562987898915078259/posts/default]
[www.googletagmanager.com/gtag/js5a98]
[pagead2.googlesyndication.com/pagead/js/f122e.txt]
[4.bp.blogspot.com/-O3EpVMWcoKw/WxY6-6I4--I/AAAAAAAAB2s/KzC0FqUQtkMdw7VzT6oOR_8vbZO6EJc-ACK4BGAYYCw/w680/nth.png]
[blogger.googleusercontent.com/img/b/R29vZ2xl/AVvXsEg6b7FnVqd5eMuiRTZqFhaoSx5DS17GoG8g4zkQ3v_/w680/Orange Modern Minimal Blog Writing YouTube Thumbnail (1).png]
[blogger.googleusercontent.com/img/b/R29vZ2xl/AVvXsEj3i9mHFYX2VCADmdIyDAnw8cimmblIyxCDwwHRfqs/w640/20230518_070855.jpg]
[www.shubhamz.in/sitemap.xml]
[blogger.googleusercontent.com/img/b/R29vZ2xl/AVvXsEg9JhBQ7rToI2tmPcQWyMTIxtLmw9SQcwfwZs3C5XX/w680/20230629_230256.jpg]
[www.shubhamz.in/p/about-us.61.delayed]
[blogger.googleusercontent.com/img/b/R29vZ2xl/AVvXsEjUCGkNUZGb4PV2loXb4VrCASkxy8OMTORcUXDfRHr/w680/20231230_162151_0000.jpg]
[blogger.googleusercontent.com/img/b/R29vZ2xl/AVvXsEgAtHA4I5CANiTcIYAM_8VH8EqYePhKbvhKoIFhNCh/w680/20231025_222520_0000.png]
[www.shubhamz.in/index.html]
[www.google.com/2005/gml/expr.html]
[www.blogger.com/static/v1/widgets/3298326339-widgets.js]
[www.blogger.com/feeds/16258382190820726149/blogs.69.delayed]
[www.blogger.com/static/v1/v-app/scripts/3510624199-common.js]
[www.blogger.com/feeds/16258382190820726149/blogs.6a4bea.delayed]
[www.blogger.com/fullTracker.6d.delayed]
[ssl.gstatic.com/gb/images/bar/al-icon.png]
[www.blogger.com/img/blogger-logotype-color-black-2x.png]
[www.blogger.com/gci_91f30755d6a6b787dcc2a4062e6e9824.76.delayed]
[www.blogger.com/gbar.78.delayed]
[www.blogger.com/Edg/index.html]
[www.blogger.com/img/avatar_blue_m_96.png]
[www.blogger.com/profile/16258382190820726149.html]
[1.bp.blogspot.com/index.html]
[28.2bp.blogspot.com/index.html]
[3.bp.blogspot.com/index.html]
[4.bp.blogspot.com/index.html]
[2.bp.blogspot.com/index.html]
[www.blogger.com/index.html]
[www.blogger.com/static/v1/jsbin/3982535839-base__en_gb.js]
[maxcdn.bootstrapcdn.com/index.html]
[fonts.googleapis.com/index.html]
[pagead2.googlesyndication.com/index.html]
[www.shubhamz.in/megamenu/recent.html]
[www.blogger.com/content-policyb4db.html]
[www.shubhamz.in/search/label/megamenu/recent.86.delayed]
[blogger.googleusercontent.com/img/b/R29vZ2xl/AVvXsEjqPN_VEOWh0KBNI9Gjoisc9m3e3FdOtCoSpMdG0aO/w680/20230628_062600.jpg]
[blogger.googleusercontent.com/img/b/R29vZ2xl/AVvXsEjZg6Wa5dfyUE4m1HFQ9ouLNXpVsHTBrs9Rdpqw7Km/w680/20230906_171637_0000.jpg]
[blogger.googleusercontent.com/img/b/R29vZ2xl/AVvXsEjhJBggOu9sbk9uJfKo6UsVDSFm1dfc3YaZm7roFv1/w680/Beige Brown Minimalist Candle Store Website Desktop Prototype_20231025_225536_0000.jpg]
[blogger.googleusercontent.com/img/b/R29vZ2xl/AVvXsEi59DbfHceXWpM5YVQubGMDN6mVegh79wj6MSY6ws5/w680/20230524_135705.jpg]
[blogger.googleusercontent.com/img/b/R29vZ2xl/AVvXsEj3i9mHFYX2VCADmdIyDAnw8cimmblIyxCDwwHRfqs/w680/20230518_070855.jpg]
[blogger.googleusercontent.com/img/b/R29vZ2xl/AVvXsEitW1aJR5dSVuwov3Di83dEYhfprNRMXzFhCUAK1aP/w680/20230524_141426.jpg]
[blogger.googleusercontent.com/img/b/R29vZ2xl/AVvXsEgafaV_iBDXvsOiu4wxQ5H6zoyAEGIMvOvjQqr3URR/w680/_____ ___ __ _____.jpg_;filename_=UTF-8''%E0%A4%AD%E0%A4%95%E0%A5%8D%E0%A4%A4%E0%A4%BF%20%E0%A4%95%E0%A4%BE%E0%A4%B]
[www.shubhamz.in/search/label/लव शायरी.html]
[www.shubhamz.in/search/label/sad  shayarid224.html]
[blogger.googleusercontent.com/img/b/R29vZ2xl/AVvXsEgCNDDAWpaldhAdb-XLhu09R0Z-0MOrRxEuqM55OgY/w680/Black Brown Geometric Motivational Desktop Wallpaper_20231025_220716_0000.jpg]
[blogger.googleusercontent.com/img/b/R29vZ2xl/AVvXsEjoIWR2ZQRm_GDd8iFNIRh5-_B6oA1L3nJ0w6llua8/w680/IMG-20230618-WA0009.jpg]
[blogger.googleusercontent.com/img/b/R29vZ2xl/AVvXsEi7zaT1lBUd1yooqGPIBilgkXAgMTljBng0PlIXWRr/w680/IMG-20230618-WA0008.jpg]
[blogger.googleusercontent.com/img/b/R29vZ2xl/AVvXsEg_Bctoy6_QEu3VcI8vOmUlXVrkbLNRYc8ifpqbAqG/w680/20230519_113615.jpg]
[www.shubhamz.in/search/label/Bewafa shayari.html]
[blogger.googleusercontent.com/img/b/R29vZ2xl/AVvXsEhUc-b3MdMqgoOgdDJMq9eSiytgjhGJ03woWRbArr6/w680/20230706_232925.jpg]
[blogger.googleusercontent.com/img/b/R29vZ2xl/AVvXsEiUsERqj5j3ES7sE94lVMTd_QzHrmhFAliv7zgtyAc/w680/20230524_140450.jpg]
[www.shubhamz.in/search/label/Attitude shayari.html]
[www.shubhamz.in/search/label/motivational.html]
[blogger.googleusercontent.com/img/b/R29vZ2xl/AVvXsEiKHI0m-A10HhBhUgXThVlUul53yknOOP7MweWh90-/w680/20230628_013052.jpg]
[blogger.googleusercontent.com/img/b/R29vZ2xl/AVvXsEi-pXSB51dYj-VRBtFu4xM3VlYv7LUyhonJULD-uDS/w680/20230524_133331.jpg]
[blogger.googleusercontent.com/img/b/R29vZ2xl/AVvXsEhglsOAD_T2q6D4Yn_pclk2M6hvYJ0RVwQMonJryCe/w680/20230629_224059.jpg]
[www.shubhamz.in/search/label/2lane shayari.html]
[blogger.googleusercontent.com/img/b/R29vZ2xl/AVvXsEjI9-MM5OiASc4M7VRC40P0DBCFK72kj1U0srdRj6d/w680/20231230_150911_0000.jpg]
[blogger.googleusercontent.com/img/b/R29vZ2xl/AVvXsEiACRDodRo_N0yrfRv3ngEa-4s2CD6vUJOc_ZSyA3n/w680/दुश्मनो से प्यार होता जायेगा, दोस्तों को आजमाते जाइये_20230907_073650_0000.png]
[www.shubhamz.in/search.html]
[blogger.googleusercontent.com/img/b/R29vZ2xl/AVvXsEisjS13USOy05h6nlT3U-KVdswJRrc2KVRhKphOxWx/w680/HANUMAN ji STATUS_20230824_080356_0000.png]
[blogger.googleusercontent.com/img/b/R29vZ2xl/AVvXsEhVzlrC88cU2lNWtxy7peIbFFIVPwEfo2A04VYwO1P/w680/20230628_012504.jpg]
[www.shubhamz.in/feeds/3063786722516928392/comments/default]
[blogger.googleusercontent.com/img/b/R29vZ2xl/AVvXsEjcQvsbBEiHAen5HizyIQubjl6OLtd5IOBWgZdRdlx/w680/20230628_011451.jpg]
[www.shubhamz.in/2024/06/megamenu/recent.d7.delayed]
[www.shubhamz.in/2024/06/150karan-gautam-shayari-collection.html]
[www.blogger.com/static/v1/jsbin/1466990918-comment_from_post_iframe.js]
[www.shubhamz.in/feeds/6597830952542495495/comments/default]
[www.blogger.com/comment/frame/85629878989150782598b39.html]
[www.shubhamz.in/2024/05/blog-post.html]
[www.shubhamz.in/2024/05/   .html]
[www.shubhamz.in/feeds/2487095136374876690/comments/default]
[www.blogger.com/comment/frame/85629878989150782592b4b.html]
[www.shubhamz.in/2024/05/hindi-love-shayari-part-2-latest-love.html]
[www.shubhamz.in/feeds/4084254673907297740/comments/default]
[www.blogger.com/comment/frame/8562987898915078259d8ec.html]
[www.blogger.com/comment/frame/8562987898915078259652b.html]
[www.blogger.com/rpc_relay.html]
[www.shubhamz.in/feeds/8373026153465853508/comments/default]
[www.shubhamz.in/2024/03/megamenu/recent.e3.delayed]
[www.shubhamz.in/2024/03/blog-post.html]
[www.shubhamz.in/feeds/329582059014727516/comments/default]
[www.shubhamz.in/2024/02/megamenu/recent.e6.delayed]
[www.shubhamz.in/2024/02/blog-post.html]
[www.blogger.com/comment/frame/8562987898915078259d684.html]
[www.blogger.com/comment/frame/856298789891507825981b4.html]
[www.shubhamz.in/feeds/6412886566185214572/comments/default]
[www.shubhamz.in/2023/12/megamenu/recent.e9.delayed]
[www.shubhamz.in/2023/12/hindi-love-shayari-latest-love-shayari.html]
[blogger.googleusercontent.com/img/b/R29vZ2xl/AVvXsEg6b7FnVqd5eMuiRTZqFhaoSx5DS17GoG8g4zkQ3v_/s1280/Orange Modern Minimal Blog Writing YouTube Thumbnail (1).png]
[blogger.googleusercontent.com/img/b/R29vZ2xl/AVvXsEg6b7FnVqd5eMuiRTZqFhaoSx5DS17GoG8g4zkQ3v_/w362-h231/Orange Modern Minimal Blog Writing YouTube Thumbnail (1).png]
[blogger.googleusercontent.com/img/b/R29vZ2xl/AVvXsEgo-jQ0Y1mna9RTXeSKVtlnKgi1x6rlt01sJts2T8V/s1280/Orange Modern Minimal Blog Writing YouTube Thumbnail (2).png]
[blogger.googleusercontent.com/img/b/R29vZ2xl/AVvXsEgo-jQ0Y1mna9RTXeSKVtlnKgi1x6rlt01sJts2T8V/w374-h224/Orange Modern Minimal Blog Writing YouTube Thumbnail (2).png]
[www.blogger.com/comment/frame/85629878989150782595ff0.html]
[www.shubhamz.in/feeds/4028196618314065088/comments/default]
[www.shubhamz.in/2023/05/megamenu/recent.f0.delayed]
[www.shubhamz.in/2023/05/      .html]
[www.blogger.com/comment/frame/8562987898915078259d002.html]
[www.shubhamz.in/search/label/लव शायरी657f.html]
[www.blogger.com/reporta755]
[www.shubhamz.in/search/label/2lane shayari657f.html]
[blogger.googleusercontent.com/img/b/R29vZ2xl/AVvXsEj3i9mHFYX2VCADmdIyDAnw8cimmblIyxCDwwHRfqs/s320/20230518_070855.jpg]
[www.shubhamz.in/2024/06/index.html]
[www.shubhamz.in/2024/05/index.html]
[www.shubhamz.in/2024/03/index.html]
[www.shubhamz.in/2024/02/index.html]
[blogger.googleusercontent.com/img/b/R29vZ2xl/AVvXsEj3i9mHFYX2VCADmdIyDAnw8cimmblIyxCDwwHRfqs/s1700/20230518_070855.jpg]
[www.shubhamz.in/2023/12/index.html]
[www.shubhamz.in/2023/11/megamenu/recent.f6.delayed]
[www.shubhamz.in/2023/11/index.html]
[www.shubhamz.in/2023/10/megamenu/recent.f7.delayed]
[www.shubhamz.in/2023/10/index.html]
[www.shubhamz.in/2023/09/megamenu/recent.f8.delayed]
[www.shubhamz.in/2023/09/index.html]
[www.shubhamz.in/2023/08/megamenu/recent.f9.delayed]
[www.shubhamz.in/2023/08/index.html]
[www.shubhamz.in/2023/07/megamenu/recent.fa.delayed]
[www.shubhamz.in/2023/07/index.html]
[www.shubhamz.in/2023/05/index.html]
[blogger.googleusercontent.com/img/b/R29vZ2xl/AVvXsEi55l8VxgNkbg0Ead-EYUzqnZFwMVT3yVkTXpy4lJ4/w680/20230628_063927.jpg]
[www.shubhamz.in/2023/04/megamenu/recent.ff.delayed]
[www.shubhamz.in/2023/04/index.html]
[blogger.googleusercontent.com/img/b/R29vZ2xl/AVvXsEgEWKigYsOsnBBFog8PjvnhMTCTnCDqz6rWzb7MPZL/w680/IMG_20230519_115921.jpg]
[www.shubhamz.in/2023/03/megamenu/recent.102.delayed]
[www.shubhamz.in/2023/03/index.html]
[www.shubhamz.in/2023/02/megamenu/recent.104.delayed]
[www.shubhamz.in/2023/02/index.html]
[www.shubhamz.in/2023/01/megamenu/recent.107.delayed]
[www.shubhamz.in/2023/01/index.html]
[www.shubhamz.in/2022/12/megamenu/recent.109.delayed]
[www.shubhamz.in/2022/12/index.html]
[www.shubhamz.in/2022/11/megamenu/recent.10b.delayed]
[www.shubhamz.in/2022/11/index.html]
[www.shubhamz.in/2022/10/megamenu/recent.117.delayed]
[www.shubhamz.in/2022/10/index.html]
[www.shubhamz.in/2022/09/megamenu/recent.119.delayed]
[www.shubhamz.in/2022/09/index.html]
[www.blogger.com/feeds/2452627047627112080/posts/default]
[1.bp.blogspot.com/-W0NxAhdzy6U/W1lMlx4aL0I/AAAAAAAACmA/9vE-bgMvcQsB2yz1FN3y63tGQZjh1jBMQCK4BGAYYCw/s1600/logo.png]
[3.bp.blogspot.com/-SPv_Vor-GI0/W1lWtiLlg-I/AAAAAAAACnw/82Tzze3hkdgTlUvklRq1LEbvSklN_KZQACK4BGAYYCw/s1600/logo_mobile.png]
[1.bp.blogspot.com/-Muo4mbYDD_c/W1lXcBJJQ_I/AAAAAAAACn8/tu4j8Z6ZadwTbAcyLRHjreEqdZnmX37JQCK4BGAYYCw/s728/728x90ads.png]
[blogger.googleusercontent.com/img/b/R29vZ2xl/AVvXsEg_x2zg6UMW6nYRRhmEabVWjlqY81jEIuTtyZKFcnf/w100/ipad-605439_960_720.jpg]
[newsplus-templatesyard.blogspot.com/p/about.html]
[blogger.googleusercontent.com/img/b/R29vZ2xl/AVvXsEhHg1EMblaQyVR_ZxZVCx64nLYrJrBNvBy3Z2ewExY/w100/kayaking-918464_960_720.jpg]
[blogger.googleusercontent.com/img/b/R29vZ2xl/AVvXsEhYVW_z_pTCs4GfBRJACq8aDmIQQxZNfPlhG8JYitp/w100/guitarist-768532_960_720.jpg.png]
[www.shubhamz.in/p/megamenu/recent.12b.delayed]
[www.shubhamz.in/p/disclaimer.html]
[www.shubhamz.in/p/privacy-policy.html]
[www.shubhamz.in/p/terms-condition.html]
[www.blogger.com/comment/frame/85629878989150782590254.html]
[www.blogger.com/comment/frame/85629878989150782591f7f.html]
[www.blogger.com/comment/frame/8562987898915078259646f.html]
[pikitemplates.com/index.html]
[www.blogger.com/img/blogger_logo_round_35.png]
[www.blogger.com/delete-comment.1340f50.delayed]
[blogger.googleusercontent.com/img/b/R29vZ2xl/AVvXsEg9JhBQ7rToI2tmPcQWyMTIxtLmw9SQcwfwZs3C5XX/s2060/20230629_230256.jpg]
[blogger.googleusercontent.com/img/b/R29vZ2xl/AVvXsEg9JhBQ7rToI2tmPcQWyMTIxtLmw9SQcwfwZs3C5XX/w400-h280/20230629_230256.jpg]
[www.shubhamz.in/2022/12/        .html]
[www.blogger.com/profile/10172333078467326558.html]
[www.blogger.com/comment/frame/85629878989150782597b7c.html]
[www.shubhamz.in/2023/11/      .html]
[www.shubhamz.in/feeds/4651822083187398308/comments/default]
[www.blogger.com/comment/frame/8562987898915078259e109.html]
[blogger.googleusercontent.com/img/b/R29vZ2xl/AVvXsEjUCGkNUZGb4PV2loXb4VrCASkxy8OMTORcUXDfRHr/s1280/20231230_162151_0000.jpg]
[blogger.googleusercontent.com/img/b/R29vZ2xl/AVvXsEjUCGkNUZGb4PV2loXb4VrCASkxy8OMTORcUXDfRHr/w320-h180/20231230_162151_0000.jpg]
[www.shubhamz.in/2023/05/   .html]
[www.shubhamz.in/feeds/6602694423020475479/comments/default]
[www.shubhamz.in/search/label/इश्क़ मोहब्बत.html]
[www.blogger.com/comment/frame/8562987898915078259997d.html]
[www.shubhamz.in/search/label/दोस्ती शायरी.html]
[www.shubhamz.in/search/label/Gulzar shayari.html]
[www.shubhamz.in/search/label/Hanuman ji status.html]
[www.shubhamz.in/search/label/karan gautam shayari.html]
[blogger.googleusercontent.com/img/b/R29vZ2xl/AVvXsEgAtHA4I5CANiTcIYAM_8VH8EqYePhKbvhKoIFhNCh/s1280/20231025_222520_0000.png]
[www.shubhamz.in/search/label/Quotes.html]
[www.shubhamz.in/search/label/sad  shayari.html]
[www.shubhamz.in/p/about-us.html]
[fonts.googleapis.com/cssf944.css]
[www.google.com/images/logos/google_logo_41.png]
[blogger.googleusercontent.com/img/b/R29vZ2xl/AVvXsEgAtHA4I5CANiTcIYAM_8VH8EqYePhKbvhKoIFhNCh/s320/20231025_222520_0000.png]
[www.google.com/css/maia.css]
[www.blogger.com/static/v1/v-css/2223071481-static_pages.css]
[blogger.googleusercontent.com/img/b/R29vZ2xl/AVvXsEjaWPkapA1H0tVyyaH3Y7uzk0IGUVr9_E_f2CKsq4s/w680/20230628_010732.jpg]
[www.blogger.com/static/v1/v-css/3896558673-new_ui_static_pages.css]
[www.blogger.com/img/features/features_icon_easy.png]
[www.blogger.com/feeds/16258382190820726149/blogs.html]
[www.blogger.com/img/features/features_icon_post.png]
[www.blogger.com/feeds/16258382190820726149/blogs4bea.html]
[www.blogger.com/img/features/features_icon_template.png]
[www.blogger.com/img/features/features_icon_url.png]
[www.blogger.com/img/features/features_icon_earn.png]
[www.blogger.com/img/features/features_icon_photos.png]
[www.blogger.com/fullTracker.html]
[www.blogger.com/img/features/features_icon_followers.png]
[www.blogger.com/img/features/features_icon_feedback.png]
[www.blogger.com/img/features/features_icon_identity.png]
[www.blogger.com/img/features/features_icon_languages.png]
[www.blogger.com/img/features/features_icon_notify.png]
[www.blogger.com/img/features/features_icon_pages.png]
[www.blogger.com/img/features/features_icon_onthego.png]
[www.blogger.com/img/features/features_icon_group.png]
[www.blogger.com/img/features/features_icon_3rdparty.png]
[www.blogger.com/gci_91f30755d6a6b787dcc2a4062e6e9824.html]
[www.blogger.com/img/checkmark.png]
[www.blogger.com/Edg/index.html]
[www.blogger.com/img/icon_alert15.gif]
[www.blogger.com/img/cmt/comment_sprite.gif]
[www.blogger.com/gbar.html]
[www.blogger.com/img/openid-preview-fade.png]
[www.blogger.com/static/v1/jsbin/671481879-analytics_autotrack.js]
[www.blogger.com/img/blogger-logotype-color-black-1x.png]
[www.blogger.com/content-policy.html]
[www.blogger.com/img/logo_blogger_40px.png]
[www.blogger.com/img/logo_blogger_40px_2x.png]
[www.blogger.com/https_.15a.delayed]
[www.blogger.com/content-policyb4db.html]
[www.shubhamz.in/search/label/megamenu/recent.html]
[www.shubhamz.in/feeds/3547131468004062207/comments/default]
[www.shubhamz.in/2023/06/megamenu/recent.15d.delayed]
[www.blogger.com/static/v1/widgets/4118640461-widgets.js]
[www.shubhamz.in/2023/06/        .         ..html]
[blogger.googleusercontent.com/img/b/R29vZ2xl/AVvXsEjqPN_VEOWh0KBNI9Gjoisc9m3e3FdOtCoSpMdG0aO/s2060/20230628_062600.jpg]
[www.shubhamz.in/feeds/847950429622281562/comments/default]
[www.shubhamz.in/2023/05/blog-post_22.html]
[blogger.googleusercontent.com/img/b/R29vZ2xl/AVvXsEjhJBggOu9sbk9uJfKo6UsVDSFm1dfc3YaZm7roFv1/s1280/Beige Brown Minimalist Candle Store Website Desktop Prototype_20231025_225536_0000.jpg]
[blogger.googleusercontent.com/img/b/R29vZ2xl/AVvXsEjhJBggOu9sbk9uJfKo6UsVDSFm1dfc3YaZm7roFv1/s320/Beige Brown Minimalist Candle Store Website Desktop Prototype_20231025_225536_0000.jpg]
[www.blogger.com/comment/frame/85629878989150782591fb6.html]
[www.shubhamz.in/feeds/3593353044300808841/comments/default]
[www.shubhamz.in/2023/05/bewafa-shayari-bewafa-shayari-in-hindi.html]
[www.blogger.com/comment/frame/8562987898915078259323a.html]
[www.shubhamz.in/feeds/8566342685362477363/comments/default]
[blogger.googleusercontent.com/img/b/R29vZ2xl/AVvXsEi59DbfHceXWpM5YVQubGMDN6mVegh79wj6MSY6ws5/s1280/20230524_135705.jpg]
[blogger.googleusercontent.com/img/b/R29vZ2xl/AVvXsEi59DbfHceXWpM5YVQubGMDN6mVegh79wj6MSY6ws5/s320/20230524_135705.jpg]
[www.shubhamz.in/2023/05/      _01342449837.html]
[www.blogger.com/comment/frame/8562987898915078259c52b.html]
[www.shubhamz.in/feeds/6418646959485996039/comments/default]
[blogger.googleusercontent.com/img/b/R29vZ2xl/AVvXsEitW1aJR5dSVuwov3Di83dEYhfprNRMXzFhCUAK1aP/s1280/20230524_141426.jpg]
[blogger.googleusercontent.com/img/b/R29vZ2xl/AVvXsEitW1aJR5dSVuwov3Di83dEYhfprNRMXzFhCUAK1aP/s320/20230524_141426.jpg]
[www.shubhamz.in/2023/05/       .html]
[www.blogger.com/comment/frame/8562987898915078259dec4.html]
[www.shubhamz.in/feeds/6682695065676471364/comments/default]
[blogger.googleusercontent.com/img/b/R29vZ2xl/AVvXsEgafaV_iBDXvsOiu4wxQ5H6zoyAEGIMvOvjQqr3URR/s320/_____ ___ __ _____.jpg_;filename_=UTF-8''%E0%A4%AD%E0%A4%95%E0%A5%8D%E0%A4%A4%E0%A4%BF%20%E0%A4%95%E0%A4%BE%E0%A4%B]
[www.shubhamz.in/2023/04/blog-post.html]
[www.blogger.com/comment/frame/856298789891507825935b4.html]
[www.shubhamz.in/feeds/4294963439238597992/comments/default]
[www.shubhamz.in/2023/03/sahid saab shayari .html]
[www.shubhamz.in/2023/03/                    .html]
[www.shubhamz.in/2023/03/ki-kaleje-mein-jalan-aankho-mein-paani.html]
[www.shubhamz.in/feeds/5288606899352996833/comments/default]
[www.shubhamz.in/feeds/3660898344411874216/comments/default]
[www.blogger.com/comment/frame/85629878989150782598f97.html]
[www.shubhamz.in/2023/03/waqt-ke-kroor-chhal-ka-bharosa-nahi-aaj_01795826779.html]
[www.blogger.com/comment/frame/8562987898915078259f8bd.html]
[www.shubhamz.in/feeds/3445368523556385282/comments/default]
[www.shubhamz.in/2023/03/waqt-ke-kroor-chhal-ka-bharosa-nahi-aaj.html]
[www.blogger.com/comment/frame/85629878989150782599ca6.html]
[www.blogger.com/comment/frame/8562987898915078259ec77.html]
[www.shubhamz.in/2023/03/blog-post.html]
[www.shubhamz.in/feeds/7298278519937974810/comments/default]
[www.shubhamz.in/feeds/2350870793023719551/comments/default]
[www.blogger.com/comment/frame/85629878989150782599934.html]
[www.shubhamz.in/2023/03/mujh-se-milta-hai-par-jism-ki-sarhad.html]
[www.shubhamz.in/feeds/3000187047720153456/comments/default]
[www.blogger.com/comment/frame/8562987898915078259d67e.html]
[www.blogger.com/comment/frame/85629878989150782598945.html]
[www.shubhamz.in/2023/03/uski heer holi mein .html]
[www.shubhamz.in/feeds/2045675513826068592/comments/default]
[www.blogger.com/comment/frame/8562987898915078259f482.html]
[blogger.googleusercontent.com/img/b/R29vZ2xl/AVvXsEh6vFN6n1dAGCe7E9zGOKauNS5UCzwyFkA9xp11Rj3/s1600/20230518_071505.jpg]
[blogger.googleusercontent.com/img/b/R29vZ2xl/AVvXsEh6vFN6n1dAGCe7E9zGOKauNS5UCzwyFkA9xp11Rj3/s320/20230518_071505.jpg]
[blogger.googleusercontent.com/img/b/R29vZ2xl/AVvXsEh6vFN6n1dAGCe7E9zGOKauNS5UCzwyFkA9xp11Rj3/w680/20230518_071505.jpg]
[www.shubhamz.in/2023/10/                .            .html]
[www.shubhamz.in/feeds/4457404018985465362/comments/default]
[www.blogger.com/comment/frame/8562987898915078259af1f.html]
[blogger.googleusercontent.com/img/b/R29vZ2xl/AVvXsEgCNDDAWpaldhAdb-XLhu09R0Z-0MOrRxEuqM55OgY/s1920/Black Brown Geometric Motivational Desktop Wallpaper_20231025_220716_0000.jpg]
[www.shubhamz.in/2023/07/blog-post_26.html]
[blogger.googleusercontent.com/img/b/R29vZ2xl/AVvXsEgCNDDAWpaldhAdb-XLhu09R0Z-0MOrRxEuqM55OgY/s320/Black Brown Geometric Motivational Desktop Wallpaper_20231025_220716_0000.jpg]
[www.shubhamz.in/feeds/856225430833267307/comments/default]
[www.shubhamz.in/2023/07/blog-post.html]
[www.blogger.com/comment/frame/8562987898915078259dd72.html]
[blogger.googleusercontent.com/img/b/R29vZ2xl/AVvXsEiLgAI_SZDb99Njll-W45tL8BCN9DNanOM-NiSjFDw/w680/20231025_215500_0000.png]
[www.blogger.com/comment/frame/856298789891507825930ba.html]
[www.shubhamz.in/2023/06/blog-post_16.html]
[www.shubhamz.in/feeds/1641230540188147544/comments/default]
[www.shubhamz.in/feeds/1678162837646853969/comments/default]
[www.shubhamz.in/2023/06/blog-post.html]
[www.blogger.com/comment/frame/85629878989150782590d91.html]
[www.shubhamz.in/2023/05/blog-post_16.html]
[www.shubhamz.in/feeds/643068655828481535/comments/default]
[blogger.googleusercontent.com/img/b/R29vZ2xl/AVvXsEimIUMNu5P2qQrtcM8jma58rSnxqctPohwUvNgkRMU/s920/IMG-20230618-WA0019.jpg]
[blogger.googleusercontent.com/img/b/R29vZ2xl/AVvXsEimIUMNu5P2qQrtcM8jma58rSnxqctPohwUvNgkRMU/w680/IMG-20230618-WA0019.jpg]
[blogger.googleusercontent.com/img/b/R29vZ2xl/AVvXsEg_Bctoy6_QEu3VcI8vOmUlXVrkbLNRYc8ifpqbAqG/s1700/20230519_113615.jpg]
[blogger.googleusercontent.com/img/b/R29vZ2xl/AVvXsEg_Bctoy6_QEu3VcI8vOmUlXVrkbLNRYc8ifpqbAqG/s320/20230519_113615.jpg]
[www.shubhamz.in/2023/05/blog-post_11.html]
[www.shubhamz.in/2023/05/blog-post.html]
[www.shubhamz.in/feeds/965326718773831035/comments/default]
[www.shubhamz.in/feeds/3803601433288887869/comments/default]
[www.blogger.com/comment/frame/8562987898915078259a86e.html]
[www.blogger.com/comment/frame/8562987898915078259cd70.html]
[www.blogger.com/comment/frame/8562987898915078259a613.html]
[www.shubhamz.in/2023/05/heart-touching-shayari-miss-u-shayari.html]
[www.shubhamz.in/feeds/4963532634851124246/comments/default]
[www.blogger.com/comment/frame/8562987898915078259658f.html]
[blogger.googleusercontent.com/img/b/R29vZ2xl/AVvXsEjfEaYUhDNMSm-g2UUqBwSWktF4GoFzYhMsk6OzoyV/s320/20230509_215102.jpg]
[blogger.googleusercontent.com/img/b/R29vZ2xl/AVvXsEjfEaYUhDNMSm-g2UUqBwSWktF4GoFzYhMsk6OzoyV/w680/20230509_215102.jpg]
[www.shubhamz.in/2023/07/attitude-shayari-in-hindi.html]
[www.shubhamz.in/feeds/5504456292785220633/comments/default]
[www.blogger.com/comment/frame/85629878989150782593275.html]
[blogger.googleusercontent.com/img/b/R29vZ2xl/AVvXsEhUc-b3MdMqgoOgdDJMq9eSiytgjhGJ03woWRbArr6/s320/20230706_232925.jpg]
[blogger.googleusercontent.com/img/b/R29vZ2xl/AVvXsEhUc-b3MdMqgoOgdDJMq9eSiytgjhGJ03woWRbArr6/s1280/20230706_232925.jpg]
[www.shubhamz.in/2023/05/blog-post_23.html]
[www.shubhamz.in/feeds/6507231031027056160/comments/default]
[www.blogger.com/comment/frame/85629878989150782597e12.html]
[www.shubhamz.in/feeds/8745556204399494422/comments/default]
[blogger.googleusercontent.com/img/b/R29vZ2xl/AVvXsEi-pXSB51dYj-VRBtFu4xM3VlYv7LUyhonJULD-uDS/s320/20230524_133331.jpg]
[blogger.googleusercontent.com/img/b/R29vZ2xl/AVvXsEi-pXSB51dYj-VRBtFu4xM3VlYv7LUyhonJULD-uDS/s1700/20230524_133331.jpg]
[www.shubhamz.in/2022/12/blog-post_81.html]
[blogger.googleusercontent.com/img/b/R29vZ2xl/AVvXsEhglsOAD_T2q6D4Yn_pclk2M6hvYJ0RVwQMonJryCe/s2060/20230629_224059.jpg]
[blogger.googleusercontent.com/img/b/R29vZ2xl/AVvXsEhglsOAD_T2q6D4Yn_pclk2M6hvYJ0RVwQMonJryCe/w400-h280/20230629_224059.jpg]
[www.blogger.com/delete-comment.1af76f6.delayed]
[www.shubhamz.in/2022/11/blog-post_65.html]
[www.shubhamz.in/feeds/5477647487940860499/comments/default]
[www.blogger.com/comment/frame/85629878989150782593dd4.html]
[www.shubhamz.in/2022/11/blog-post_27.html]
[www.blogger.com/comment/frame/85629878989150782598e28.html]
[www.shubhamz.in/2023/02/100-badmashi-shayari-status.html]
[www.shubhamz.in/feeds/1241763379298749302/comments/default]
[www.shubhamz.in/2022/12/100.html]
[www.shubhamz.in/feeds/4749546337091767456/comments/default]
[www.blogger.com/comment/frame/856298789891507825959db.html]
[www.shubhamz.in/2022/12/karan-gautam-shayari-karan-gautam-lyrics.html]
[pl18346991.highcpmrevenuenetwork.com/b59ff642fa129d0b2be633c611f6aed5/invoke.js]
[www.blogger.com/comment/frame/85629878989150782591d5d.html]
[www.shubhamz.in/feeds/8891664562512937433/comments/default]
[www.shubhamz.in/2022/12/blog-post_49.html]
[www.blogger.com/comment/frame/8562987898915078259ac72.html]
[www.shubhamz.in/feeds/3705928431755419912/comments/default]
[www.shubhamz.in/2022/12/blog-post_1.html]
[www.shubhamz.in/feeds/8102583471130254808/comments/default]
[www.blogger.com/comment/frame/85629878989150782597dbe.html]
[www.shubhamz.in/2022/12/blog-post.html]
[www.blogger.com/comment/frame/85629878989150782599d51.html]
[www.shubhamz.in/feeds/8919358926389929475/comments/default]
[www.shubhamz.in/2022/11/blog-post_52.html]
[www.blogger.com/comment/frame/8562987898915078259f66f.html]
[www.blogger.com/comment/frame/85629878989150782596916.html]
[www.shubhamz.in/2022/11/blog-post_2.html]
[www.shubhamz.in/feeds/2018329222779026854/comments/default]
[www.blogger.com/comment/frame/85629878989150782595c1a.html]
[www.shubhamz.in/2023/11/       .html]
[www.shubhamz.in/feeds/7527555837977473565/comments/default]
[www.blogger.com/comment/frame/856298789891507825991bb.html]
[blogger.googleusercontent.com/img/b/R29vZ2xl/AVvXsEjI9-MM5OiASc4M7VRC40P0DBCFK72kj1U0srdRj6d/w320-h180/20231230_150911_0000.jpg]
[www.shubhamz.in/2023/09/299-best-dosti-shayari-in-hindi.html]
[www.shubhamz.in/feeds/1510386755473435868/comments/default]
[blogger.googleusercontent.com/img/b/R29vZ2xl/AVvXsEiACRDodRo_N0yrfRv3ngEa-4s2CD6vUJOc_ZSyA3n/s320/दुश्मनो से प्यार होता जायेगा, दोस्तों को आजमाते जाइये_20230907_073650_0000.png]
[blogger.googleusercontent.com/img/b/R29vZ2xl/AVvXsEiACRDodRo_N0yrfRv3ngEa-4s2CD6vUJOc_ZSyA3n/s2500/दुश्मनो से प्यार होता जायेगा, दोस्तों को आजमाते जाइये_20230907_073650_0000.png]
[blogger.googleusercontent.com/img/b/R29vZ2xl/AVvXsEgwny6yLT16yWwm4vr2y0OEnxuV9EMIgUdtfY-hFQH/s2500/दुश्मनो से प्यार होता जायेगा, दोस्तों को आजमाते जाइये_20230907_074652_0000.png]
[blogger.googleusercontent.com/img/b/R29vZ2xl/AVvXsEgwny6yLT16yWwm4vr2y0OEnxuV9EMIgUdtfY-hFQH/w400-h264/दुश्मनो से प्यार होता जायेगा, दोस्तों को आजमाते जाइये_20230907_074652_0000.png]
[www.shubhamz.in/2023/08/100-gulzar-shayari-on-life-gulzaar.html]
[www.shubhamz.in/feeds/2963496250712078901/comments/default]
[www.blogger.com/comment/frame/85629878989150782593730.html]
[blogger.googleusercontent.com/img/b/R29vZ2xl/AVvXsEisjS13USOy05h6nlT3U-KVdswJRrc2KVRhKphOxWx/s1280/HANUMAN ji STATUS_20230824_080356_0000.png]
[blogger.googleusercontent.com/img/b/R29vZ2xl/AVvXsEgZGtkexXB-ef0OdMPsYLh-Ys2Umwhyl-7N3EWQ4vN/s2500/दुश्मनो से प्यार होता जायेगा, दोस्तों को आजमाते जाइये_20230907_080629_0000.png]
[blogger.googleusercontent.com/img/b/R29vZ2xl/AVvXsEgZGtkexXB-ef0OdMPsYLh-Ys2Umwhyl-7N3EWQ4vN/w400-h266/दुश्मनो से प्यार होता जायेगा, दोस्तों को आजमाते जाइये_20230907_080629_0000.png]
[blogger.googleusercontent.com/img/b/R29vZ2xl/AVvXsEisjS13USOy05h6nlT3U-KVdswJRrc2KVRhKphOxWx/s320/HANUMAN ji STATUS_20230824_080356_0000.png]
[blogger.googleusercontent.com/img/b/R29vZ2xl/AVvXsEjSd-GMWfgJkjKR3giXRRtU_CYE6TMuRIQVaaG7cVx/s1280/20230803_082240_0000.jpg]
[www.blogger.com/delete-comment.1d72194.delayed]
[www.shubhamz.in/2023/08/lattest-100hanuman-ji-status.html]
[www.blogger.com/comment/frame/85629878989150782598cb2.html]
[www.blogger.com/comment/frame/8562987898915078259fb31.html]
[blogger.googleusercontent.com/img/b/R29vZ2xl/AVvXsEjSd-GMWfgJkjKR3giXRRtU_CYE6TMuRIQVaaG7cVx/w400-h198/20230803_082240_0000.jpg]
[blogger.googleusercontent.com/img/b/R29vZ2xl/AVvXsEjSd-GMWfgJkjKR3giXRRtU_CYE6TMuRIQVaaG7cVx/w680/20230803_082240_0000.jpg]
[www.shubhamz.in/2023/06/               .               .html]
[www.shubhamz.in/feeds/3164120080851143029/comments/default]
[www.blogger.com/dyn-css/authorization467d.css]
[www.shubhamz.in/2024/06/megamenu/recent.html]
[blogger.googleusercontent.com/img/b/R29vZ2xl/AVvXsEjcQvsbBEiHAen5HizyIQubjl6OLtd5IOBWgZdRdlx/s2060/20230628_011451.jpg]
[blogger.googleusercontent.com/img/b/R29vZ2xl/AVvXsEjcQvsbBEiHAen5HizyIQubjl6OLtd5IOBWgZdRdlx/s320/20230628_011451.jpg]
[www.blogger.com/comment/frame/85629878989150782598b39.html]
[www.blogger.com/rpc_relay.html]
[www.blogger.com/comment/frame/85629878989150782592b4b.html]
[www.blogger.com/comment/frame/8562987898915078259d8ec.html]
[www.blogger.com/comment/frame/8562987898915078259652b.html]
[www.shubhamz.in/2024/03/megamenu/recent.html]
[www.blogger.com/comment/frame/8562987898915078259d684.html]
[www.shubhamz.in/2024/02/megamenu/recent.html]
[www.blogger.com/comment/frame/856298789891507825981b4.html]
[www.shubhamz.in/2023/12/megamenu/recent.html]
[www.blogger.com/comment/frame/85629878989150782595ff0.html]
[www.blogger.com/comment/frame/85629878989150782591740.html]
[www.blogger.com/_/scs/mss-static/_/js/k=boq-blogger.BloggerCommentUi.hi.Qc6m7B6j6x8.e/am=5mFAawAB/d=1/excm=_b,_tp,commentformiframeview/ed=1/dg=0/wt=2/ujg=1/rs=AEy-KP2o08STeUj9T-91vkD3yret34aG1/m=_b,_tp.1de.delaye]
[www.shubhamz.in/2024/05/megamenu/recent]
[www.blogger.com/POST.1e0.delayed]
[www.blogger.com/report.html]
[www.blogger.com/_/scs/mss-static/_/js/k=boq-blogger.BloggerReportUi.en_US.TEbBglXCSGs.es5.O/am=eRhoLCA/d=1/excm=_b,_tp,bloggerreportview/ed=1/dg=0/wt=2/ujg=1/rs=AEy-KP0qK3AQjZyMqqdVDhxPLYDyWk6dlQ/m=_b,_tp]
[www.blogger.com/img/social_header_no_background.png]
[www.blogger.com/img/logo_blogger_144px.png]
[www.blogger.com/reporta755]
[www.shubhamz.in/2023/05/megamenu/recent.html]
[www.blogger.com/comment/frame/8562987898915078259d002.html]
[www.shubhamz.in/search/label/लव शायरीd4d8.html]
[www.shubhamz.in/search/label/2lane shayarid4d8.html]
[www.shubhamz.in/2023/11/megamenu/recent.html]
[www.shubhamz.in/2023/10/megamenu/recent.html]
[www.shubhamz.in/2023/09/megamenu/recent.html]
[www.shubhamz.in/2023/08/megamenu/recent.html]
[www.shubhamz.in/2023/07/megamenu/recent.html]
[www.shubhamz.in/2023/06/index.html]
[www.shubhamz.in/2023/05/blog-post_27.html]
[www.shubhamz.in/feeds/3377888833435455610/comments/default]
[www.shubhamz.in/2023/05/        .html]
[www.shubhamz.in/feeds/3804090565077485903/comments/default]
[www.blogger.com/comment/frame/85629878989150782598345.html]
[www.blogger.com/comment/frame/8562987898915078259890c.html]
[www.shubhamz.in/2023/05/50motivational-quotes.html]
[www.shubhamz.in/feeds/8152917705687425806/comments/default]
[www.shubhamz.in/2023/04/megamenu/recent.html]
[blogger.googleusercontent.com/img/b/R29vZ2xl/AVvXsEi55l8VxgNkbg0Ead-EYUzqnZFwMVT3yVkTXpy4lJ4/s2060/20230628_063927.jpg]
[www.blogger.com/comment/frame/85629878989150782598795.html]
[blogger.googleusercontent.com/img/b/R29vZ2xl/AVvXsEi55l8VxgNkbg0Ead-EYUzqnZFwMVT3yVkTXpy4lJ4/w320-h211/20230628_063927.jpg]
[www.shubhamz.in/2023/04/blog-post_28.html]
[www.shubhamz.in/2023/03/megamenu/recent.html]
[www.shubhamz.in/2023/03/ye dil na ummeed nahi nakaam hi to hai .html]
[www.shubhamz.in/2023/02/megamenu/recent.html]
[www.shubhamz.in/2023/02/100-trending-shayari-talwar-tujhe.html]
[www.shubhamz.in/2023/02/janaja-unka-ab-dhoom-se-nikalna-chahiye.html]
[www.shubhamz.in/2023/01/megamenu/recent.html]
[www.shubhamz.in/2023/01/trending-100heart-touching-shayari-2023.html]
[www.shubhamz.in/2022/12/megamenu/recent.html]
[www.shubhamz.in/2022/12/karan-gautam-poetry-lyrics.html]
[www.shubhamz.in/2022/11/megamenu/recent.html]
[www.shubhamz.in/2022/11/blog-post_29.html]
[www.shubhamz.in/2022/11/blog-post_30.html]
[www.shubhamz.in/feeds/993580726949716956/comments/default]
[www.shubhamz.in/feeds/3652394454846382929/comments/default]
[www.shubhamz.in/2022/11/khoobsurat-si-haveli-ka-pta-tumsa-hi.html]
[www.shubhamz.in/feeds/6969375322967103272/comments/default]
[www.blogger.com/comment/frame/85629878989150782597bdf.html]
[www.shubhamz.in/2022/11/blog-post_9.html]
[www.blogger.com/comment/frame/8562987898915078259a36b.html]
[www.blogger.com/comment/frame/85629878989150782593d8f.html]
[www.shubhamz.in/2022/11/blog-post_90.html]
[www.shubhamz.in/feeds/5945422966513412189/comments/default]
[www.shubhamz.in/2022/11/blog-post_80.html]
[www.shubhamz.in/feeds/3734975158206925972/comments/default]
[www.shubhamz.in/feeds/4972586272312907948/comments/default]
[www.shubhamz.in/2022/11/blog-post_40.html]
[www.shubhamz.in/feeds/5168441176250655936/comments/default]
[www.blogger.com/comment/frame/8562987898915078259c612.html]
[www.blogger.com/comment/frame/8562987898915078259d299.html]
[www.shubhamz.in/2022/11/blog-post_24.html]
[www.blogger.com/comment/frame/85629878989150782593e5f.html]
[www.shubhamz.in/2022/11/blog-post_20.html]
[www.shubhamz.in/feeds/2553570043493467169/comments/default]
[www.shubhamz.in/feeds/4976692351386948630/comments/default]
[www.shubhamz.in/2022/11/blog-post_28.html]
[www.shubhamz.in/feeds/2042427954031513515/comments/default]
[www.blogger.com/comment/frame/8562987898915078259cd66.html]
[www.shubhamz.in/2022/11/blog-post.html]
[www.blogger.com/comment/frame/8562987898915078259b70f.html]
[www.shubhamz.in/2022/10/megamenu/recent.html]
[www.shubhamz.in/feeds/9037044110484467456/comments/default]
[www.blogger.com/comment/frame/85629878989150782596c28.html]
[www.shubhamz.in/2022/10/blog-post.html]
[www.shubhamz.in/2022/09/megamenu/recent.html]
[www.blogger.com/comment/frame/8562987898915078259055b.html]
[www.shubhamz.in/2022/09/blog-post_27.html]
[www.shubhamz.in/feeds/8371399885098488417/comments/default]
[www.shubhamz.in/feeds/5978697489290162591/comments/default]
[www.shubhamz.in/2022/09/blog-post_18.html]
[www.shubhamz.in/feeds/5845987413555081933/comments/default]
[fonts.googleapis.com/css5eb1.css]
[stackpath.bootstrapcdn.com/font-awesome/4.7.0/css/font-awesome.min.css]
[www.blogger.com/dyn-css/authorization17c1.css]
[newsplus-templatesyard.blogspot.com/p/contact-us.html]
[www.blogger.com/comment/frame/85629878989150782591e66.html]
[www.blogger.com/comment/frame/8562987898915078259ac9a.html]
[www.blogger.com/comment/frame/8562987898915078259482a.html]
[www.blogger.com/null.218.delayed]
[newsplus-templatesyard.blogspot.com/p/post-format-and-page-markup.html]
[www.shubhamz.in/p/contact-us.html]
[www.shubhamz.in/p/megamenu/recent.html]
[www.blogger.com/comment/frame/85629878989150782590254.html]
[www.blogger.com/comment/frame/8562987898915078259646f.html]
[www.blogger.com/comment/frame/85629878989150782591f7f.html]
[instagram.com/pikitemplates]
[www.shubhamz.in/feeds/1928259908758308439/comments/default]
[www.blogger.com/feeds/10172333078467326558/blogs.21a.delayed]
[www.blogger.com/feeds/10172333078467326558/blogs.21b4bea.delayed]
[www.blogger.com/profile/10172333078467326558.html]
[www.shubhamz.in/2022/12/        7db4.html]
[www.blogger.com/comment/frame/85629878989150782597b7c.html]
[www.blogger.com/comment/frame/8562987898915078259e109.html]
[www.blogger.com/comment/frame/8562987898915078259997d.html]
[www.shubhamz.in/2023/06/                .            number        .html]
[www.shubhamz.in/feeds/8440773379160844177/comments/default]
[www.blogger.com/comment/frame/8562987898915078259cefc.html]
[blogger.googleusercontent.com/img/b/R29vZ2xl/AVvXsEjaWPkapA1H0tVyyaH3Y7uzk0IGUVr9_E_f2CKsq4s/s2060/20230628_010732.jpg]
[blogger.googleusercontent.com/img/b/R29vZ2xl/AVvXsEjaWPkapA1H0tVyyaH3Y7uzk0IGUVr9_E_f2CKsq4s/s320/20230628_010732.jpg]
[www.blogger.com/blogger.g]
[www.blogger.com/content-policy.html]
[www.blogger.com/index720c.html]
[www.blogger.com/https_.html]
[use.fontawesome.com/index.html]
[ajax.googleapis.com/index.html]
[resources.blogblog.com/index.html]
[feeds.feedburner.com/index.html]
[cdnjs.cloudflare.com/index.html]
[www.google-analytics.com/index.html]
[themes.googleusercontent.com/index.html]
[googleads.g.doubleclick.net/index.html]
[www.gstatic.com/index.html]
[www.googletagservices.com/index.html]
[static.xx.fbcdn.net/index.html]
[tpc.googlesyndication.com/index.html]
[apis.google.com/index.html]
[www.facebook.com/index.html]
[connect.facebook.net/index.html]
[twitter.com/index.html]
[www.youtube.com/index.html]
[www.pinterest.com/index.html]
[www.linkedin.com/index.html]
[cdnjs.cloudflare.com/ajax/libs/font-awesome/5.15.2/css/fontawesome.min.css]
[fonts.gstatic.com/s/opensans/v17/mem6YaGs126MiZpBA-UFUK0Udc1UAw.woff2]
[fonts.gstatic.com/s/opensans/v17/mem6YaGs126MiZpBA-UFUK0ddc1UAw.woff2]
[fonts.gstatic.com/s/opensans/v17/mem6YaGs126MiZpBA-UFUK0Vdc1UAw.woff2]
[fonts.gstatic.com/s/opensans/v17/mem6YaGs126MiZpBA-UFUK0adc1UAw.woff2]
[fonts.gstatic.com/s/opensans/v17/mem6YaGs126MiZpBA-UFUK0Wdc1UAw.woff2]
[fonts.gstatic.com/s/opensans/v17/mem6YaGs126MiZpBA-UFUK0Xdc1UAw.woff2]
[fonts.gstatic.com/s/opensans/v17/mem6YaGs126MiZpBA-UFUK0Zdc0.woff2]
[fonts.gstatic.com/s/opensans/v17/memnYaGs126MiZpBA-UFUKXGUdhmIqOjjg.woff2]
[fonts.gstatic.com/s/opensans/v17/memnYaGs126MiZpBA-UFUKXGUdhvIqOjjg.woff2]
[fonts.gstatic.com/s/opensans/v17/memnYaGs126MiZpBA-UFUKXGUdhnIqOjjg.woff2]
[fonts.gstatic.com/s/opensans/v17/memnYaGs126MiZpBA-UFUKXGUdhoIqOjjg.woff2]
[fonts.gstatic.com/s/opensans/v17/memnYaGs126MiZpBA-UFUKXGUdhkIqOjjg.woff2]
[fonts.gstatic.com/s/opensans/v17/memnYaGs126MiZpBA-UFUKXGUdhlIqOjjg.woff2]
[fonts.gstatic.com/s/opensans/v17/memnYaGs126MiZpBA-UFUKXGUdhrIqM.woff2]
[fonts.gstatic.com/s/opensans/v17/mem8YaGs126MiZpBA-UFWJ0bbck.woff2]
[fonts.gstatic.com/s/opensans/v17/mem8YaGs126MiZpBA-UFUZ0bbck.woff2]
[fonts.gstatic.com/s/opensans/v17/mem8YaGs126MiZpBA-UFWZ0bbck.woff2]
[fonts.gstatic.com/s/opensans/v17/mem8YaGs126MiZpBA-UFVp0bbck.woff2]
[fonts.gstatic.com/s/opensans/v17/mem8YaGs126MiZpBA-UFWp0bbck.woff2]
[fonts.gstatic.com/s/opensans/v17/mem8YaGs126MiZpBA-UFW50bbck.woff2]
[fonts.gstatic.com/s/opensans/v17/mem8YaGs126MiZpBA-UFVZ0b.woff2]
[fonts.gstatic.com/s/opensans/v17/mem5YaGs126MiZpBA-UNirkOX-hpOqc.woff2]
[fonts.gstatic.com/s/opensans/v17/mem5YaGs126MiZpBA-UNirkOVuhpOqc.woff2]
[fonts.gstatic.com/s/opensans/v17/mem5YaGs126MiZpBA-UNirkOXuhpOqc.woff2]
[fonts.gstatic.com/s/opensans/v17/mem5YaGs126MiZpBA-UNirkOUehpOqc.woff2]
[fonts.gstatic.com/s/opensans/v17/mem5YaGs126MiZpBA-UNirkOXehpOqc.woff2]
[fonts.gstatic.com/s/opensans/v17/mem5YaGs126MiZpBA-UNirkOXOhpOqc.woff2]
[fonts.gstatic.com/s/opensans/v17/mem5YaGs126MiZpBA-UNirkOUuhp.woff2]
[fonts.gstatic.com/s/opensans/v17/mem5YaGs126MiZpBA-UN7rgOX-hpOqc.woff2]
[fonts.gstatic.com/s/opensans/v17/mem5YaGs126MiZpBA-UN7rgOVuhpOqc.woff2]
[fonts.gstatic.com/s/opensans/v17/mem5YaGs126MiZpBA-UN7rgOXuhpOqc.woff2]
[fonts.gstatic.com/s/opensans/v17/mem5YaGs126MiZpBA-UN7rgOUehpOqc.woff2]
[fonts.gstatic.com/s/opensans/v17/mem5YaGs126MiZpBA-UN7rgOXehpOqc.woff2]
[fonts.gstatic.com/s/opensans/v17/mem5YaGs126MiZpBA-UN7rgOXOhpOqc.woff2]
[fonts.gstatic.com/s/opensans/v17/mem5YaGs126MiZpBA-UN7rgOUuhp.woff2]
[cdnjs.cloudflare.com/ajax/libs/font-awesome/5.15.1/webfonts/fa-brands-400.eot]
[cdnjs.cloudflare.com/ajax/libs/font-awesome/5.15.1/webfonts/fa-regular-400.eot]
[cdnjs.cloudflare.com/ajax/libs/font-awesome/5.15.1/webfonts/fa-solid-900.eot]
[maxcdn.bootstrapcdn.com/'https_/www.bootstrapcdn.com/']
[www.shubhamz.in/feeds/913513426350031299/comments/default]
[blogger.googleusercontent.com/img/b/R29vZ2xl/AVvXsEjZg6Wa5dfyUE4m1HFQ9ouLNXpVsHTBrs9Rdpqw7Km/s1366/20230906_171637_0000.jpg]
[blogger.googleusercontent.com/img/b/R29vZ2xl/AVvXsEjZg6Wa5dfyUE4m1HFQ9ouLNXpVsHTBrs9Rdpqw7Km/s320/20230906_171637_0000.jpg]
[www.shubhamz.in/2023/09/blog-post.html]
[draft.blogger.com/dyn-css/authorization467d.css]
[www.shubhamz.in/2023/06/megamenu/recent.html]
[www.blogger.com/comment/frame/85629878989150782591fb6.html]
[www.blogger.com/comment/frame/8562987898915078259323a.html]
[www.blogger.com/comment/frame/8562987898915078259c52b.html]
[www.blogger.com/comment/frame/8562987898915078259dec4.html]
[blogger.googleusercontent.com/img/b/R29vZ2xl/AVvXsEgafaV_iBDXvsOiu4wxQ5H6zoyAEGIMvOvjQqr3URR/s2500/भक्ति काल को हिंदी.jpg]
[www.blogger.com/comment/frame/85629878989150782592295.html]
[www.blogger.com/comment/frame/856298789891507825935b4.html]
[www.blogger.com/comment/frame/85629878989150782598f97.html]
[www.blogger.com/comment/frame/8562987898915078259f8bd.html]
[www.blogger.com/comment/frame/8562987898915078259ec77.html]
[www.blogger.com/comment/frame/85629878989150782599ca6.html]
[www.blogger.com/comment/frame/85629878989150782599934.html]
[www.blogger.com/comment/frame/8562987898915078259d67e.html]
[blogger.googleusercontent.com/img/b/R29vZ2xl/AVvXsEjqPN_VEOWh0KBNI9Gjoisc9m3e3FdOtCoSpMdG0aO/s320/20230628_062600.jpg]
[www.shubhamz.in/2023/03/tu-kisi-aur-hi-duniya-mein-mili-thi.html]
[www.shubhamz.in/feeds/1425038796869328399/comments/default]
[www.blogger.com/comment/frame/85629878989150782598945.html]
[www.blogger.com/comment/frame/8562987898915078259f482.html]
[www.shubhamz.in/search/label/sad  shayari23c5.html]
[www.shubhamz.in/2023/02/kumar vishwash poetry.html]
[www.shubhamz.in/feeds/5322973009798036288/comments/default]
[www.shubhamz.in/2023/01/100.html]
[www.shubhamz.in/feeds/2409180588513241049/comments/default]
[www.blogger.com/comment/frame/8562987898915078259af1f.html]
[www.blogger.com/comment/frame/856298789891507825959d9.html]
[www.shubhamz.in/2023/10/blog-post.html]
[www.blogger.com/comment/frame/8562987898915078259485a.html]
[www.blogger.com/comment/frame/8562987898915078259dd72.html]
[www.blogger.com/comment/frame/8562987898915078259074b.html]
[www.blogger.com/comment/frame/856298789891507825930ba.html]
[www.shubhamz.in/feeds/4063497629603771240/comments/default]
[blogger.googleusercontent.com/img/b/R29vZ2xl/AVvXsEiLgAI_SZDb99Njll-W45tL8BCN9DNanOM-NiSjFDw/s1366/20231025_215500_0000.png]
[blogger.googleusercontent.com/img/b/R29vZ2xl/AVvXsEiLgAI_SZDb99Njll-W45tL8BCN9DNanOM-NiSjFDw/s320/20231025_215500_0000.png]
[www.blogger.com/comment/frame/85629878989150782590d91.html]
[www.shubhamz.in/2023/06/                .                .html]
[www.shubhamz.in/feeds/5793597472936616864/comments/default]
[blogger.googleusercontent.com/img/b/R29vZ2xl/AVvXsEjoIWR2ZQRm_GDd8iFNIRh5-_B6oA1L3nJ0w6llua8/s1267/IMG-20230618-WA0009.jpg]
[www.blogger.com/comment/frame/8562987898915078259cd70.html]
[www.blogger.com/comment/frame/85629878989150782595a73.html]
[www.blogger.com/comment/frame/8562987898915078259a86e.html]
[www.blogger.com/comment/frame/8562987898915078259a613.html]
[blogger.googleusercontent.com/img/b/R29vZ2xl/AVvXsEi7zaT1lBUd1yooqGPIBilgkXAgMTljBng0PlIXWRr/w266-h400/IMG-20230618-WA0008.jpg]
[www.blogger.com/comment/frame/8562987898915078259658f.html]
[blogger.googleusercontent.com/img/b/R29vZ2xl/AVvXsEimIUMNu5P2qQrtcM8jma58rSnxqctPohwUvNgkRMU/w306-h320/IMG-20230618-WA0019.jpg]
[www.shubhamz.in/2023/05/bewafa-shayari-shayari-in-hindi.html]
[www.blogger.com/comment/frame/8562987898915078259da45.html]
[www.blogger.com/comment/frame/856298789891507825964b2.html]
[www.shubhamz.in/feeds/341613843513137085/comments/default]
[www.shubhamz.in/2023/02/kanha kamboj shayari lyrics.html]
[www.blogger.com/comment/frame/8562987898915078259e747.html]
[www.blogger.com/comment/frame/85629878989150782593275.html]
[blogger.googleusercontent.com/img/b/R29vZ2xl/AVvXsEiUsERqj5j3ES7sE94lVMTd_QzHrmhFAliv7zgtyAc/s1280/20230524_140450.jpg]
[blogger.googleusercontent.com/img/b/R29vZ2xl/AVvXsEiUsERqj5j3ES7sE94lVMTd_QzHrmhFAliv7zgtyAc/s320/20230524_140450.jpg]
[www.shubhamz.in/2023/06/attitude-shayari-killer-attitude-shayari.html]
[www.shubhamz.in/feeds/63093624548551741/comments/default]
[www.blogger.com/comment/frame/85629878989150782597e12.html]
[www.blogger.com/comment/frame/85629878989150782593dd4.html]
[www.shubhamz.in/2022/11/blog-post_65c14b.html]
[www.blogger.com/comment/frame/85629878989150782598e28.html]
[www.blogger.com/comment/frame/856298789891507825959db.html]
[www.blogger.com/comment/frame/8562987898915078259ac72.html]
[www.blogger.com/comment/frame/85629878989150782591d5d.html]
[www.blogger.com/comment/frame/85629878989150782597dbe.html]
[www.blogger.com/comment/frame/85629878989150782599d51.html]
[www.blogger.com/comment/frame/8562987898915078259f66f.html]
[www.blogger.com/comment/frame/85629878989150782596916.html]
[www.blogger.com/comment/frame/85629878989150782595c1a.html]
[www.shubhamz.in/feeds/9096489553065148137/comments/default]
[www.shubhamz.in/feeds/7111664789903915792/comments/default]
[blogger.googleusercontent.com/img/b/R29vZ2xl/AVvXsEiKHI0m-A10HhBhUgXThVlUul53yknOOP7MweWh90-/s2060/20230628_013052.jpg]
[www.blogger.com/comment/frame/856298789891507825936a7.html]
[www.blogger.com/comment/frame/856298789891507825991bb.html]
[www.blogger.com/comment/frame/85629878989150782593730.html]
[www.blogger.com/comment/frame/8562987898915078259fb31.html]
[www.shubhamz.in/2023/08/lattest-100hanuman-ji-statusf825.html]
[www.blogger.com/comment/frame/85629878989150782598cb2.html]
[www.blogger.com/comment/frame/85629878989150782594f2e.html]
[www.shubhamz.in/feeds/1594228344696256802/comments/default]
[blogger.googleusercontent.com/img/b/R29vZ2xl/AVvXsEhVzlrC88cU2lNWtxy7peIbFFIVPwEfo2A04VYwO1P/s2060/20230628_012504.jpg]
[www.shubhamz.in/2023/06/         .           .html]
[www.shubhamz.in/feeds/5900244562120499553/comments/default]
[www.blogger.com/comment/frame/85629878989150782591740.html]
[www.blogger.com/comment/frame/8562987898915078259]
[www.shubhamz.in/2024/05/megamenu/recent]
[www.blogger.com/POST.html]
[www.blogger.com/report.html]
[www.blogger.com/comment/frame/85629878989150782598345.html]
[www.blogger.com/comment/frame/8562987898915078259890c.html]
[www.blogger.com/comment/frame/85629878989150782598795.html]
[www.blogger.com/comment/frame/85629878989150782594c0a.html]
[blogger.googleusercontent.com/img/b/R29vZ2xl/AVvXsEhVzlrC88cU2lNWtxy7peIbFFIVPwEfo2A04VYwO1P/s320/20230628_012504.jpg]
[blogger.googleusercontent.com/img/b/R29vZ2xl/AVvXsEjI9-MM5OiASc4M7VRC40P0DBCFK72kj1U0srdRj6d/s1280/20231230_150911_0000.jpg]
[www.blogger.com/comment/frame/85629878989150782593d8f.html]
[www.blogger.com/comment/frame/85629878989150782597bdf.html]
[www.blogger.com/comment/frame/8562987898915078259a36b.html]
[www.blogger.com/comment/frame/8562987898915078259d299.html]
[www.blogger.com/comment/frame/8562987898915078259c612.html]
[www.blogger.com/comment/frame/85629878989150782593e5f.html]
[www.blogger.com/comment/frame/8562987898915078259cd66.html]
[www.blogger.com/comment/frame/8562987898915078259b70f.html]
[www.blogger.com/comment/frame/85629878989150782596c28.html]
[www.blogger.com/comment/frame/8562987898915078259055b.html]
[www.blogger.com/comment/frame/8562987898915078259ac9a.html]
[www.blogger.com/comment/frame/85629878989150782591e66.html]
[www.blogger.com/comment/frame/8562987898915078259482a.html]
[www.blogger.com/null.html]
[www.facebook.com/pikitemplates]
[twitter.com/pikitemplates]
[instagram.com/pikitemplates/index.html]
[www.blogger.com/feeds/10172333078467326558/blogs.html]
[www.blogger.com/feeds/10172333078467326558/blogs4bea.html]
[www.blogger.com/comment/frame/8562987898915078259cefc.html]
[www.shubhamz.in/search/label/makemoney.html]
[cdnjs.cloudflare.com/ajax/libs/jquery/2.2.4/jquery.min.js]
[www.facebook.com/sharer/sharer076c.php]
[www.google-analytics.com/analytics.js]
[fonts.googleapis.com/cssb05e.css]
[www.gstatic.com/images/branding/googlelogo/svg/googlelogo_clr_74x24px.svg]
[www.gstatic.com/images/branding/googlelogo/svg/googlelogo_light_clr_74x24px.svg]
[www.gstatic.com/images/branding/googlelogo/svg/googlelogo_dark_clr_74x24px.svg]
[www.blogger.com/+/index.html]
[www.gstatic.com/images/icons/material/system/1x/broken_image_grey600_18dp.png]
[www.youtube.com/user/BloggerHelpdf27.html]
[maxcdn.bootstrapcdn.com/'https_/www.bootstrapcdn.com/']
[www.blogger.com/comment/frame/85629878989150782592295.html]
[www.blogger.com/comment/frame/856298789891507825959d9.html]
[www.blogger.com/comment/frame/8562987898915078259074b.html]
[www.blogger.com/comment/frame/8562987898915078259485a.html]
[www.shubhamz.in/feeds/7774498837851279390/comments/default]
[www.blogger.com/comment/frame/85629878989150782595a73.html]
[www.blogger.com/comment/frame/8562987898915078259da45.html]
[www.blogger.com/comment/frame/8562987898915078259675f.html]
[blogger.googleusercontent.com/img/b/R29vZ2xl/AVvXsEjoIWR2ZQRm_GDd8iFNIRh5-_B6oA1L3nJ0w6llua8/w327-h273/IMG-20230618-WA0009.jpg]
[www.blogger.com/comment/frame/856298789891507825964b2.html]
[www.blogger.com/comment/frame/8562987898915078259e747.html]
[blogger.googleusercontent.com/img/b/R29vZ2xl/AVvXsEi7zaT1lBUd1yooqGPIBilgkXAgMTljBng0PlIXWRr/s1080/IMG-20230618-WA0008.jpg]
[www.blogger.com/comment/frame/856298789891507825936a7.html]
[www.blogger.com/comment/frame/85629878989150782594f2e.html]
[www.blogger.com/comment/frame/85629878989150782594c0a.html]
[www.blogger.com/comment/frame/8562987898915078259]
[www.shubhamz.in/feeds/9129230765773452334/comments/default]
[www.shubhamz.in/feeds/5844907926542970545/comments/default]
[blogger.googleusercontent.com/img/b/R29vZ2xl/AVvXsEjfEaYUhDNMSm-g2UUqBwSWktF4GoFzYhMsk6OzoyV/s2000/20230509_215102.jpg]
[blogger.googleusercontent.com/img/b/R29vZ2xl/AVvXsEiKHI0m-A10HhBhUgXThVlUul53yknOOP7MweWh90-/s320/20230628_013052.jpg]
[www.shubhamz.in/feeds/644681806399517847/comments/default]
[blogger.googleusercontent.com/img/b/R29vZ2xl/AVvXsEgEWKigYsOsnBBFog8PjvnhMTCTnCDqz6rWzb7MPZL/s1700/IMG_20230519_115921.jpg]
[www.blogger.com/comment/frame/8562987898915078259881c.html]
[www.blogger.com/comment/frame/8562987898915078259c352.html]
[www.shubhamz.in/feeds/2829803325406783286/comments/default]
[www.blogger.com/comment/frame/8562987898915078259625b.html]
[www.shubhamz.in/feeds/1944584286723285444/comments/default]
[www.shubhamz.in/feeds/3446518581211446828/comments/default]
[newsplus-templatesyard.blogspot.com/p/Business/mega-menu]
[www.youtube.com/channel/UCCDjoOPSNiuLJX06HirPjOAb5e7.html]
[www.youtube.com/embed/3Ylq35kjBEg.html]
[ajax.googleapis.com/ajax/libs/jquery/1.12.4/jquery.min.js]
[connect.facebook.net/en_US/sdk.js]
[www.blogger.com/comment/frame/85629878989150782597314.html]
[themes.googleusercontent.com/static/fonts/opensans/v6/cJZKeOuBrn4kERxqtaUH3T8E0i7KZn-EPnyo3HZu7kw.woff]
[www.blogger.com/_/scs/mss-static/_/js/k=boq-blogger.BloggerUi.en_US.MtX67d9weUI.es5.O/am=eBg4DQNIfg/d=1/excm=_b,_tp,contentpolicyview/ed=1/dg=0/wt=2/ujg=1/rs=AEy-KP1FHYroe3K4GdE28ocnIooDq1BinQ/m=_b,_tp]
[www.gstatic.com/external_hosted/jselementqueries/element_queries.js]
[www.blogger.com/comment/frame/8562987898915078259675f.html]
[resources.blogblog.com/img/anon36.png]
[blogger.googleusercontent.com/img/b/R29vZ2xl/AVvXsEgEWKigYsOsnBBFog8PjvnhMTCTnCDqz6rWzb7MPZL/s320/IMG_20230519_115921.jpg]
[www.blogger.com/comment/frame/8562987898915078259881c.html]
[www.shubhamz.in/feeds/26786486199176427/comments/default]
[www.blogger.com/comment/frame/8562987898915078259c352.html]
[pl18366378.highcpmrevenuenetwork.com/3a/26/73/3a267306d3b99fe5a69340a3cc3f9afd.js]
[www.blogger.com/comment/frame/8562987898915078259625b.html]
[www.blogger.com/comment/frame/8562987898915078259a2e0.html]
[www.blogger.com/comment/frame/85629878989150782597314.html]
[www.blogger.com/comment/frame/8562987898915078259a49f.html]
[www.blogger.com/comment/frame/856298789891507825917ef.html]
[www.blogger.com/comment/frame/856298789891507825917ef.html]
[www.blogger.com/comment/frame/8562987898915078259a49f.html]
[www.blogger.com/comment/frame/8562987898915078259fcdc.html]
[www.blogger.com/comment/frame/8562987898915078259fcdc.html]
